[ ZJob
    ( BaseJob
        { name = JobName "base"
        , abstract = Just True
        , parent = Nothing
        , nodeset = Just
            ( JobAnonymousNodeset
                [ NodeLabelName "pod-centos-7" ]
            )
        , branches = Nothing
        , dependencies = Nothing
        , requiredProjects = Nothing
        , semaphores = Nothing
        , secrets = Just
            [ SecretName "site_sflogs" ]
        }
    )
, ZJob
    ( BaseJob
        { name = JobName "config-check"
        , abstract = Nothing
        , parent = Just
            ( JobName "base" )
        , nodeset = Just
            ( JobAnonymousNodeset
                [ NodeLabelName "cloud-fedora-35" ]
            )
        , branches = Just
            [ BranchName "master" ]
        , dependencies = Just
            [ JobName "job1"
            , JobName "job2"
            ]
        , requiredProjects = Nothing
        , semaphores = Nothing
        , secrets = Just
            [ SecretName "service_user" ]
        }
    )
, ZJob
    ( BaseJob
        { name = JobName "config-update"
        , abstract = Nothing
        , parent = Just
            ( JobName "base" )
        , nodeset = Just
            ( JobAnonymousNodeset [] )
        , branches = Just
            [ BranchName "master" ]
        , dependencies = Nothing
        , requiredProjects = Just
            [ ProjectName "config"
            , ProjectName "config-named"
            ]
        , semaphores = Just
            [ SemaphoreName "semaphore-config-update" ]
        , secrets = Just
            [ SecretName "site_install_server" ]
        }
    )
, ZJob
    ( BaseJob
        { name = JobName "wait-for-changes-ahead"
        , abstract = Nothing
        , parent = Nothing
        , nodeset = Just
            ( JobNodeset
                ( NodesetName "nodeset1" )
            )
        , branches = Nothing
        , dependencies = Nothing
        , requiredProjects = Nothing
        , semaphores = Nothing
        , secrets = Nothing
        }
    )
]