[ ZPipeline
    ( Pipeline
        { name = PipelineName "check"
        , triggers =
            [ PipelineTrigger
                { connectionName = ConnectionName "my_gerrit" }
            , PipelineTrigger
                { connectionName = ConnectionName "my_gitlab" }
            ]
        , reporters =
            [ PipelineReporter
                { connectionName = ConnectionName "elasticsearch" }
            , PipelineReporter
                { connectionName = ConnectionName "my_gerrit" }
            ]
        }
    )
]