[ ZProject
    ( Project
        { name = ProjectName "config"
        , templates = []
        , queue = Nothing
        , pipelines = fromList
            [ ProjectPipeline
                { name = PipelineName "check"
                , jobs =
                    [ PJName
                        ( JobName "config-check" )
                    ]
                }
            , ProjectPipeline
                { name = PipelineName "gate"
                , jobs =
                    [ PJName
                        ( JobName "config-check" )
                    ]
                }
            , ProjectPipeline
                { name = PipelineName "post"
                , jobs =
                    [ PJName
                        ( JobName "config-update" )
                    ]
                }
            ]
        }
    )
, ZProject
    ( Project
        { name = ProjectName "/"
        , templates =
            [ ProjectTemplateName "sf-ci-jobs" ]
        , queue = Nothing
        , pipelines = fromList
            [ ProjectPipeline
                { name = PipelineName "check"
                , jobs =
                    [ PJJob
                        ( BaseJob
                            { name = JobName "linters"
                            , abstract = Nothing
                            , parent = Nothing
                            , nodeset = Just
                                ( JobNodeset
                                    ( NodesetName "linters-pod" )
                                )
                            , branches = Nothing
                            , dependencies = Nothing
                            , requiredProjects = Nothing
                            , semaphores = Nothing
                            , secrets = Nothing
                            }
                        )
                    ]
                }
            , ProjectPipeline
                { name = PipelineName "experimental"
                , jobs =
                    [ PJName
                        ( JobName "sf-rpm-build" )
                    , PJJob
                        ( BaseJob
                            { name = JobName "sf-ci-openshift-integration"
                            , abstract = Nothing
                            , parent = Nothing
                            , nodeset = Nothing
                            , branches = Nothing
                            , dependencies = Just
                                [ JobName "sf-rpm-build" ]
                            , requiredProjects = Nothing
                            , semaphores = Nothing
                            , secrets = Nothing
                            }
                        )
                    ]
                }
            , ProjectPipeline
                { name = PipelineName "gate"
                , jobs =
                    [ PJJob
                        ( BaseJob
                            { name = JobName "linters"
                            , abstract = Nothing
                            , parent = Nothing
                            , nodeset = Just
                                ( JobNodeset
                                    ( NodesetName "linters-pod" )
                                )
                            , branches = Nothing
                            , dependencies = Nothing
                            , requiredProjects = Nothing
                            , semaphores = Nothing
                            , secrets = Nothing
                            }
                        )
                    ]
                }
            ]
        }
    )
]