[ ZProjectTemplate
    ( ProjectTemplate
        { name = ProjectTemplateName "sf-ci-jobs"
        , queue = Nothing
        , pipelines = fromList
            [ ProjectPipeline
                { name = PipelineName "check"
                , jobs =
                    [ PJName
                        ( JobName "sf-rpm-build" )
                    , PJJob
                        ( Job
                            { name = JobName "sf-ci-functional-minimal"
                            , abstract = Nothing
                            , parent = Nothing
                            , nodeset = Nothing
                            , branches = Nothing
                            , dependencies = Just
                                [ JobName "sf-rpm-build" ]
                            , requiredProjects = Nothing
                            , requiredCanonicalProjects = Nothing
                            , semaphores = Nothing
                            , secrets = Nothing
                            }
                        )
                    , PJJob
                        ( Job
                            { name = JobName "sf-ci-functional-allinone"
                            , abstract = Nothing
                            , parent = Nothing
                            , nodeset = Nothing
                            , branches = Nothing
                            , dependencies = Just
                                [ JobName "sf-rpm-build" ]
                            , requiredProjects = Nothing
                            , requiredCanonicalProjects = Nothing
                            , semaphores = Nothing
                            , secrets = Nothing
                            }
                        )
                    , PJJob
                        ( Job
                            { name = JobName "sf-tenants"
                            , abstract = Nothing
                            , parent = Nothing
                            , nodeset = Nothing
                            , branches = Nothing
                            , dependencies = Just
                                [ JobName "sf-rpm-build" ]
                            , requiredProjects = Nothing
                            , requiredCanonicalProjects = Nothing
                            , semaphores = Nothing
                            , secrets = Nothing
                            }
                        )
                    ]
                }
            , ProjectPipeline
                { name = PipelineName "gate"
                , jobs =
                    [ PJName
                        ( JobName "sf-rpm-build" )
                    , PJJob
                        ( Job
                            { name = JobName "sf-ci-functional-minimal"
                            , abstract = Nothing
                            , parent = Nothing
                            , nodeset = Nothing
                            , branches = Nothing
                            , dependencies = Just
                                [ JobName "sf-rpm-build" ]
                            , requiredProjects = Nothing
                            , requiredCanonicalProjects = Nothing
                            , semaphores = Nothing
                            , secrets = Nothing
                            }
                        )
                    , PJJob
                        ( Job
                            { name = JobName "sf-ci-functional-allinone"
                            , abstract = Nothing
                            , parent = Nothing
                            , nodeset = Nothing
                            , branches = Nothing
                            , dependencies = Just
                                [ JobName "sf-rpm-build" ]
                            , requiredProjects = Nothing
                            , requiredCanonicalProjects = Nothing
                            , semaphores = Nothing
                            , secrets = Nothing
                            }
                        )
                    , PJJob
                        ( Job
                            { name = JobName "wait-for-changes-ahead"
                            , abstract = Nothing
                            , parent = Nothing
                            , nodeset = Nothing
                            , branches = Nothing
                            , dependencies = Just
                                [ JobName "sf-ci-functional-minimal"
                                , JobName "sf-ci-functional-allinone"
                                ]
                            , requiredProjects = Nothing
                            , requiredCanonicalProjects = Nothing
                            , semaphores = Nothing
                            , secrets = Nothing
                            }
                        )
                    ]
                }
            ]
        }
    )
]