[ ZProjectTemplate
    ( ProjectTemplate
        { name = ProjectTemplateName "sf-ci-jobs"
        , pipelines = fromList
            [ ProjectPipeline
                { name = PipelineName "check"
                , jobs =
                    [ PJName
                        ( JobName "sf-rpm-build" )
                    , PJJob
                        ( Job
                            { name = JobName "sf-ci-functional-minimal"
                            , parent = Nothing
                            , nodeset = Nothing
                            , branches = []
                            , dependencies =
                                [ JobName "sf-rpm-build" ]
                            }
                        )
                    , PJJob
                        ( Job
                            { name = JobName "sf-ci-functional-allinone"
                            , parent = Nothing
                            , nodeset = Nothing
                            , branches = []
                            , dependencies =
                                [ JobName "sf-rpm-build" ]
                            }
                        )
                    , PJJob
                        ( Job
                            { name = JobName "sf-tenants"
                            , parent = Nothing
                            , nodeset = Nothing
                            , branches = []
                            , dependencies =
                                [ JobName "sf-rpm-build" ]
                            }
                        )
                    ]
                }
            , ProjectPipeline
                { name = PipelineName "gate"
                , jobs =
                    [ PJName
                        ( JobName "sf-rpm-build" )
                    , PJJob
                        ( Job
                            { name = JobName "sf-ci-functional-minimal"
                            , parent = Nothing
                            , nodeset = Nothing
                            , branches = []
                            , dependencies =
                                [ JobName "sf-rpm-build" ]
                            }
                        )
                    , PJJob
                        ( Job
                            { name = JobName "sf-ci-functional-allinone"
                            , parent = Nothing
                            , nodeset = Nothing
                            , branches = []
                            , dependencies =
                                [ JobName "sf-rpm-build" ]
                            }
                        )
                    , PJJob
                        ( Job
                            { name = JobName "wait-for-changes-ahead"
                            , parent = Nothing
                            , nodeset = Nothing
                            , branches = []
                            , dependencies =
                                [ JobName "sf-ci-functional-minimal"
                                , JobName "sf-ci-functional-allinone"
                                ]
                            }
                        )
                    ]
                }
            ]
        }
    )
]