[ ZProject
    ( Project
        { name = ProjectName "config"
        , templates = []
        , pipelines = fromList
            [ ProjectPipeline
                { name = PipelineName "check"
                , jobs =
                    [ PJName
                        ( JobName "config-check" )
                    ]
                }
            , ProjectPipeline
                { name = PipelineName "gate"
                , jobs =
                    [ PJName
                        ( JobName "config-check" )
                    ]
                }
            , ProjectPipeline
                { name = PipelineName "post"
                , jobs =
                    [ PJName
                        ( JobName "config-update" )
                    ]
                }
            ]
        }
    )
, ZProject
    ( Project
        { name = ProjectName "/"
        , templates =
            [ ProjectTemplateName "sf-ci-jobs" ]
        , pipelines = fromList
            [ ProjectPipeline
                { name = PipelineName "check"
                , jobs =
                    [ PJJob
                        ( Job
                            { name = JobName "linters"
                            , abstract = False
                            , parent = Nothing
                            , nodeset = Just
                                ( JobNodeset
                                    ( NodesetName "linters-pod" )
                                )
                            , branches = []
                            , dependencies = []
                            }
                        )
                    ]
                }
            , ProjectPipeline
                { name = PipelineName "experimental"
                , jobs =
                    [ PJName
                        ( JobName "sf-rpm-build" )
                    , PJJob
                        ( Job
                            { name = JobName "sf-ci-openshift-integration"
                            , abstract = False
                            , parent = Nothing
                            , nodeset = Nothing
                            , branches = []
                            , dependencies =
                                [ JobName "sf-rpm-build" ]
                            }
                        )
                    ]
                }
            , ProjectPipeline
                { name = PipelineName "gate"
                , jobs =
                    [ PJJob
                        ( Job
                            { name = JobName "linters"
                            , abstract = False
                            , parent = Nothing
                            , nodeset = Just
                                ( JobNodeset
                                    ( NodesetName "linters-pod" )
                                )
                            , branches = []
                            , dependencies = []
                            }
                        )
                    ]
                }
            ]
        }
    )
]