Just
    [
        ( ConfigLoc
            { project = CanonicalProjectName
                ( ProviderName "localhost"
                , ProjectName "project-config"
                )
            , branch = BranchName "main"
            , path = ".zuul.yaml"
            , url = GitUrl "http://localhost/cgit"
            , tenants = fromList
                [ TenantName "demo" ]
            }
        , NodeLabelName "cloud-rhel-7"
        )
    ]