[
    ( "check is needed by"
    ,
        [ Node
            { rootLabel = VTrigger
                ( ConnectionName "timer" )
            , subForest = []
            }
        ]
    , "check requires"
    ,
        [ Node
            { rootLabel = VProjectPipeline
                ( ProjectName "sftests.com/config" )
                ( PipelineName "check" )
            , subForest =
                [ Node
                    { rootLabel = VJob
                        ( JobName "config-check" )
                    , subForest =
                        [ Node
                            { rootLabel = VJob
                                ( JobName "base" )
                            , subForest =
                                [ Node
                                    { rootLabel = VNodeset
                                        ( NodesetName "centos" )
                                    , subForest =
                                        [ Node
                                            { rootLabel = VNodeLabel
                                                ( NodeLabelName "cloud-centos-7" )
                                            , subForest = []
                                            }
                                        ]
                                    }
                                ]
                            }
                        ]
                    }
                ]
            }
        , Node
            { rootLabel = VProjectPipeline
                ( ProjectName "triple-o" )
                ( PipelineName "check" )
            , subForest =
                [ Node
                    { rootLabel = VJob
                        ( JobName "linter" )
                    , subForest =
                        [ Node
                            { rootLabel = VNodeLabel
                                ( NodeLabelName "pod-centos-7" )
                            , subForest = []
                            }
                        ]
                    }
                , Node
                    { rootLabel = VJob
                        ( JobName "wallaby-job" )
                    , subForest = []
                    }
                , Node
                    { rootLabel = VJob
                        ( JobName "zena-job" )
                    , subForest = []
                    }
                ]
            }
        ]
    )
,
    ( "wallaby-job is needed by"
    ,
        [ Node
            { rootLabel = VProjectPipeline
                ( ProjectName "triple-o" )
                ( PipelineName "check" )
            , subForest =
                [ Node
                    { rootLabel = VProject
                        ( ProjectName "triple-o" )
                    , subForest = []
                    }
                , Node
                    { rootLabel = VPipeline
                        ( PipelineName "check" )
                    , subForest =
                        [ Node
                            { rootLabel = VTrigger
                                ( ConnectionName "timer" )
                            , subForest = []
                            }
                        ]
                    }
                ]
            }
        ]
    , "wallaby-job requires"
    ,
        [ Node
            { rootLabel = VJob
                ( JobName "base" )
            , subForest =
                [ Node
                    { rootLabel = VNodeset
                        ( NodesetName "centos" )
                    , subForest =
                        [ Node
                            { rootLabel = VNodeLabel
                                ( NodeLabelName "cloud-centos-7" )
                            , subForest = []
                            }
                        ]
                    }
                ]
            }
        ]
    )
]