[
    ( "check is needed by"
    ,
        [ Node
            { rootLabel = VTrigger
                ( ConnectionName "timer" )
            , subForest = []
            }
        , Node
            { rootLabel = VReporter
                ( ConnectionName "elastic" )
            , subForest = []
            }
        ]
    , "check requires"
    ,
        [ Node
            { rootLabel = VProjectPipeline
                ( PipelineName "check" )
                ( CanonicalProjectName
                    { provider = ProviderName "sftests.com"
                    , project = ProjectName "config"
                    }
                )
            , subForest =
                [ Node
                    { rootLabel = VJob
                        ( JobName "config-check" )
                    , subForest =
                        [ Node
                            { rootLabel = VAbstractJob
                                ( JobName "base" )
                            , subForest =
                                [ Node
                                    { rootLabel = VSecret
                                        ( SecretName "log-key" )
                                    , subForest = []
                                    }
                                , Node
                                    { rootLabel = VNodeset
                                        ( NodesetName "centos" )
                                    , subForest =
                                        [ Node
                                            { rootLabel = VNodeLabel
                                                ( NodeLabelName "cloud-centos-7" )
                                            , subForest = []
                                            }
                                        ]
                                    }
                                ]
                            }
                        ]
                    }
                ]
            }
        , Node
            { rootLabel = VProjectPipeline
                ( PipelineName "check" )
                ( CanonicalProjectName
                    { provider = ProviderName "sftests.com"
                    , project = ProjectName "triple-o"
                    }
                )
            , subForest =
                [ Node
                    { rootLabel = VJob
                        ( JobName "linter" )
                    , subForest =
                        [ Node
                            { rootLabel = VNodeLabel
                                ( NodeLabelName "pod-centos-7" )
                            , subForest = []
                            }
                        ]
                    }
                , Node
                    { rootLabel = VJob
                        ( JobName "wallaby-job" )
                    , subForest =
                        [ Node
                            { rootLabel = VProject
                                ( CanonicalProjectName
                                    { provider = ProviderName "sftests.com"
                                    , project = ProjectName "triple-o"
                                    }
                                )
                            , subForest =
                                [ Node
                                    { rootLabel = VQueue
                                        ( QueueName "queue" )
                                    , subForest = []
                                    }
                                ]
                            }
                        ]
                    }
                , Node
                    { rootLabel = VJob
                        ( JobName "zena-job" )
                    , subForest = []
                    }
                ]
            }
        , Node
            { rootLabel = VTemplatePipeline
                ( PipelineName "check" )
                ( ProjectTemplateName "common" )
            , subForest = []
            }
        ]
    )
,
    ( "wallaby-job is needed by"
    ,
        [ Node
            { rootLabel = VProjectPipeline
                ( PipelineName "check" )
                ( CanonicalProjectName
                    { provider = ProviderName "sftests.com"
                    , project = ProjectName "triple-o"
                    }
                )
            , subForest =
                [ Node
                    { rootLabel = VProject
                        ( CanonicalProjectName
                            { provider = ProviderName "sftests.com"
                            , project = ProjectName "triple-o"
                            }
                        )
                    , subForest = []
                    }
                , Node
                    { rootLabel = VPipeline
                        ( PipelineName "check" )
                    , subForest =
                        [ Node
                            { rootLabel = VTrigger
                                ( ConnectionName "timer" )
                            , subForest = []
                            }
                        , Node
                            { rootLabel = VReporter
                                ( ConnectionName "elastic" )
                            , subForest = []
                            }
                        ]
                    }
                ]
            }
        ]
    , "wallaby-job requires"
    ,
        [ Node
            { rootLabel = VAbstractJob
                ( JobName "base" )
            , subForest =
                [ Node
                    { rootLabel = VSecret
                        ( SecretName "log-key" )
                    , subForest = []
                    }
                , Node
                    { rootLabel = VNodeset
                        ( NodesetName "centos" )
                    , subForest =
                        [ Node
                            { rootLabel = VNodeLabel
                                ( NodeLabelName "cloud-centos-7" )
                            , subForest = []
                            }
                        ]
                    }
                ]
            }
        , Node
            { rootLabel = VProject
                ( CanonicalProjectName
                    { provider = ProviderName "sftests.com"
                    , project = ProjectName "triple-o"
                    }
                )
            , subForest =
                [ Node
                    { rootLabel = VQueue
                        ( QueueName "queue" )
                    , subForest = []
                    }
                , Node
                    { rootLabel = VProjectPipeline
                        ( PipelineName "check" )
                        ( CanonicalProjectName
                            { provider = ProviderName "sftests.com"
                            , project = ProjectName "triple-o"
                            }
                        )
                    , subForest =
                        [ Node
                            { rootLabel = VJob
                                ( JobName "linter" )
                            , subForest =
                                [ Node
                                    { rootLabel = VNodeLabel
                                        ( NodeLabelName "pod-centos-7" )
                                    , subForest = []
                                    }
                                ]
                            }
                        , Node
                            { rootLabel = VJob
                                ( JobName "zena-job" )
                            , subForest = []
                            }
                        ]
                    }
                ]
            }
        ]
    )
]